%このファイルは日本語文字を含みます.
\BOOKMARK [0][-]{chapter.1}{\376\377\173\054\0001\172\340\000\040\136\217\212\326}{}% 1
\BOOKMARK [1][-]{section.1.1}{\376\377\0001\000.\0001\000\040\170\024\172\166\200\314\146\157\060\373\166\356\166\204}{chapter.1}% 2
\BOOKMARK [0][-]{chapter.2}{\376\377\173\054\0002\172\340\000\040\123\237\164\006}{}% 3
\BOOKMARK [1][-]{section.2.1}{\376\377\0002\000.\0001\000\040\220\156\145\255\126\150}{chapter.2}% 4
\BOOKMARK [2][-]{subsection.2.1.1}{\376\377\0002\000.\0001\000.\0001\000\040\060\242\060\374\060\257\145\076\226\373}{section.2.1}% 5
\BOOKMARK [2][-]{subsection.2.1.2}{\376\377\0002\000.\0001\000.\0002\000\040\060\242\060\374\060\257\060\156\214\240\140\047\142\265\142\227\162\171\140\047}{section.2.1}% 6
\BOOKMARK [2][-]{subsection.2.1.3}{\376\377\0002\000.\0001\000.\0003\000\040\116\326\060\156\220\156\145\255\126\150\060\156\162\171\137\264}{section.2.1}% 7
\BOOKMARK [2][-]{subsection.2.1.4}{\376\377\0002\000.\0001\000.\0004\000\040\121\215\166\172\137\047}{section.2.1}% 8
\BOOKMARK [1][-]{section.2.2}{\376\377\0002\000.\0002\000\040\166\172\121\111\122\006\121\111\156\054\133\232}{chapter.2}% 9
\BOOKMARK [2][-]{subsection.2.2.1}{\376\377\0002\000.\0002\000.\0001\000\040\166\172\121\111\122\006\121\111\154\325}{section.2.2}% 10
\BOOKMARK [2][-]{subsection.2.2.2}{\376\377\0002\000.\0002\000.\0002\000\040\060\271\060\332\060\257\060\310\060\353\175\332\060\156\166\172\165\037\152\137\151\313}{section.2.2}% 11
\BOOKMARK [2][-]{subsection.2.2.3}{\376\377\0002\000.\0002\000.\0003\000\040\134\100\142\100\161\261\136\163\210\141}{section.2.2}% 12
\BOOKMARK [2][-]{subsection.2.2.4}{\376\377\0002\000.\0002\000.\0004\000\040\060\242\060\374\060\257\156\051\136\246\156\054\133\232\154\325}{section.2.2}% 13
\BOOKMARK [2][-]{subsection.2.2.5}{\376\377\0002\000.\0002\000.\0005\000\040\172\172\225\223\174\222\133\120\175\104\142\020\212\010\173\227}{section.2.2}% 14
\BOOKMARK [2][-]{subsection.2.2.6}{\376\377\0002\000.\0002\000.\0006\000\040\134\016\226\373\163\207\173\227\121\372}{section.2.2}% 15
\BOOKMARK [0][-]{chapter.3}{\376\377\173\054\0003\172\340\000\040\133\237\232\023\142\113\154\325}{}% 16
\BOOKMARK [1][-]{section.3.1}{\376\377\0003\000.\0001\000\040\133\237\232\023\210\305\177\156}{chapter.3}% 17
\BOOKMARK [2][-]{subsection.3.1.1}{\376\377\0003\000.\0001\000.\0001\000\040\154\027\116\055\225\213\225\211\126\150}{section.3.1}% 18
\BOOKMARK [2][-]{subsection.3.1.2}{\376\377\0003\000.\0001\000.\0002\000\040\212\146\232\023\126\336\215\357}{section.3.1}% 19
\BOOKMARK [2][-]{subsection.3.1.3}{\376\377\0003\000.\0001\000.\0003\000\040\060\341\060\342\060\352\060\317\060\244\060\263\060\374\060\300\060\374}{section.3.1}% 20
\BOOKMARK [2][-]{subsection.3.1.4}{\376\377\0003\000.\0001\000.\0004\000\040\232\330\220\037\136\246\060\253\060\341\060\351}{section.3.1}% 21
\BOOKMARK [2][-]{subsection.3.1.5}{\376\377\0003\000.\0001\000.\0005\000\040\060\321\060\353\060\271\060\270\060\247\060\315\060\354\060\374\060\277\060\374}{section.3.1}% 22
\BOOKMARK [2][-]{subsection.3.1.6}{\376\377\0003\000.\0001\000.\0006\000\040\162\355\136\057\127\337\060\325\060\243\060\353\060\277}{section.3.1}% 23
\BOOKMARK [1][-]{section.3.2}{\376\377\0003\000.\0002\000\040\122\006\121\111\165\073\120\317\060\273\060\363\060\265\060\374}{chapter.3}% 24
\BOOKMARK [2][-]{subsection.3.2.1}{\376\377\0003\000.\0002\000.\0001\000\040\151\202\165\145}{section.3.2}% 25
\BOOKMARK [2][-]{subsection.3.2.2}{\376\377\0003\000.\0002\000.\0002\000\040\060\242\060\374\060\257\156\051\136\246}{section.3.2}% 26
\BOOKMARK [2][-]{subsection.3.2.3}{\376\377\0003\000.\0002\000.\0003\000\040\222\104\204\270\154\027\155\367\121\145\163\207}{section.3.2}% 27
\BOOKMARK [2][-]{subsection.3.2.4}{\376\377\0003\000.\0002\000.\0004\000\040\134\016\226\373\163\207}{section.3.2}% 28
\BOOKMARK [0][-]{chapter.4}{\376\377\173\054\0004\172\340\000\040\133\237\232\023\175\120\147\234\060\150\200\003\133\337}{}% 29
\BOOKMARK [1][-]{section.4.1}{\376\377\0004\000.\0001\000\040\121\215\166\172\137\047\060\156\122\006\230\136}{chapter.4}% 30
\BOOKMARK [1][-]{section.4.2}{\376\377\0004\000.\0002\000\040\220\156\145\255\146\102\225\223\060\156\122\006\230\136}{chapter.4}% 31
\BOOKMARK [2][-]{subsection.4.2.1}{\376\377\0004\000.\0002\000.\0001\000\040\060\242\060\374\060\257\060\271\060\335\060\303\060\310\060\150\060\156\166\370\225\242}{section.4.2}% 32
\BOOKMARK [2][-]{subsection.4.2.2}{\376\377\0004\000.\0002\000.\0002\000\040\060\254\060\271\166\172\121\111\060\150\060\156\122\006\230\136}{section.4.2}% 33
\BOOKMARK [0][-]{chapter.5}{\376\377\173\054\0005\172\340\000\040\175\120\212\000}{}% 34
